src/App.tsx(38,39): error TS6133: 'user' is declared but its value is never read.
src/App.tsx(52,15): error TS6133: 'response' is declared but its value is never read.
src/pages/admin/AdminApiKeys.tsx(7,3): error TS6133: 'Edit' is declared but its value is never read.
src/pages/admin/AdminApiKeys.tsx(15,3): error TS6133: 'Clock' is declared but its value is never read.
src/pages/admin/AdminApiKeys.tsx(16,3): error TS6133: 'Activity' is declared but its value is never read.
src/pages/admin/AdminApiSandbox.tsx(17,3): error TS6133: 'Download' is declared but its value is never read.
src/pages/admin/AdminApiSandbox.tsx(194,13): error TS6133: 'endTime' is declared but its value is never read.
